******************************************************************************
                  TI ARM Linker Unix v16.9.0                   
******************************************************************************
>> Linked Fri Apr 14 16:02:04 2017

OUTPUT FILE NAME:   <HW4.out>
ENTRY POINT SYMBOL: "_c_int00"  address: 000011fd


MEMORY CONFIGURATION

         name            origin    length      used     unused   attr    fill
----------------------  --------  ---------  --------  --------  ----  --------
  MAIN                  00000000   00040000  000013f2  0003ec0e  R  X
  INFO                  00200000   00004000  00000000  00004000  R  X
  SRAM_CODE             01000000   00010000  0000072d  0000f8d3  RW X
  SRAM_DATA             20000000   00010000  0000072d  0000f8d3  RW  


SEGMENT ALLOCATION MAP

run origin  load origin   length   init length attrs members
----------  ----------- ---------- ----------- ----- -------
00000000    00000000    000013f8   000013f8    r-x
  00000000    00000000    000000e4   000000e4    r-- .intvecs
  000000e4    000000e4    000012c6   000012c6    r-x .text
  000013b0    000013b0    00000048   00000048    r-- .cinit
20000000    20000000    0000052d   00000000    rw-
  20000000    20000000    00000400   00000000    rw- .sysmem
  20000400    20000400    00000104   00000000    rw- .bss
  20000504    20000504    00000029   00000000    rw- .data
2000fe00    2000fe00    00000200   00000000    rw-
  2000fe00    2000fe00    00000200   00000000    rw- .stack


SECTION ALLOCATION MAP

 output                                  attributes/
section   page    origin      length       input sections
--------  ----  ----------  ----------   ----------------
.intvecs   0    00000000    000000e4     
                  00000000    000000e4     startup_msp432p401r_ccs.obj (.intvecs:retain)

.text      0    000000e4    000012c6     
                  000000e4    000004d4     spi.obj (.text)
                  000005b8    000003d0     rtsv7M4_T_le_v4SPD16_eabi.lib : memory.obj (.text)
                  00000988    0000032c     system_msp432p401r.obj (.text)
                  00000cb4    00000208     gpio.obj (.text)
                  00000ebc    00000150     main.obj (.text)
                  0000100c    0000009c     rtsv7M4_T_le_v4SPD16_eabi.lib : memcpy_t2.obj (.text)
                  000010a8    0000007a                                   : memset_t2.obj (.text)
                  00001122    00000002                                   : mpu_init.obj (.text)
                  00001124    00000070                                   : autoinit.obj (.text)
                  00001194    00000068                                   : copy_decompress_lzss.obj (.text:decompress:lzss)
                  000011fc    00000054                                   : boot.obj (.text)
                  00001250    00000054                                   : exit.obj (.text)
                  000012a4    0000004c                                   : cpy_tbl.obj (.text)
                  000012f0    0000003a     spi.obj (.text:spi_setbit)
                  0000132a    00000026     spi.obj (.text:spi_readbit)
                  00001350    00000018     rtsv7M4_T_le_v4SPD16_eabi.lib : args_main.obj (.text)
                  00001368    00000014                                   : _lock.obj (.text)
                  0000137c    0000000e                                   : copy_decompress_none.obj (.text:decompress:none)
                  0000138a    0000000e     startup_msp432p401r_ccs.obj (.text)
                  00001398    0000000c     rtsv7M4_T_le_v4SPD16_eabi.lib : copy_zero_init.obj (.text:decompress:ZI)
                  000013a4    00000004                                   : pre_init.obj (.text)
                  000013a8    00000002                                   : startup.obj (.text)

.cinit     0    000013b0    00000048     
                  000013b0    0000001d     (.cinit..data.load) [load image, compression = lzss]
                  000013cd    00000003     --HOLE-- [fill = 0]
                  000013d0    0000000c     (__TI_handler_table)
                  000013dc    00000004     --HOLE-- [fill = 0]
                  000013e0    00000008     (.cinit..bss.load) [load image, compression = zero_init]
                  000013e8    00000010     (__TI_cinit_table)

.init_array 
*          0    00000000    00000000     UNINITIALIZED

.binit     0    00000000    00000000     

.sysmem    0    20000000    00000400     UNINITIALIZED
                  20000000    00000008     rtsv7M4_T_le_v4SPD16_eabi.lib : memory.obj (.sysmem)
                  20000008    000003f8     --HOLE--

.bss       0    20000400    00000104     UNINITIALIZED
                  20000400    00000100     (.common:buff)
                  20000500    00000004     (.common:conn)

.data      0    20000504    00000029     UNINITIALIZED
                  20000504    0000000c     rtsv7M4_T_le_v4SPD16_eabi.lib : exit.obj (.data:$O1$$)
                  20000510    0000000c                                   : memory.obj (.data:$O1$$)
                  2000051c    00000008                                   : _lock.obj (.data:$O1$$)
                  20000524    00000004                                   : stkdepth_vars.obj (.data)
                  20000528    00000004     system_msp432p401r.obj (.data)
                  2000052c    00000001     main.obj (.data)

.stack     0    2000fe00    00000200     UNINITIALIZED
                  2000fe00    00000200     --HOLE--

MODULE SUMMARY

       Module                        code   ro data   rw data
       ------                        ----   -------   -------
    ./
       spi.obj                       1332   0         0      
       main.obj                      336    0         522    
       system_msp432p401r.obj        812    0         8      
       gpio.obj                      520    0         0      
       startup_msp432p401r_ccs.obj   14     228       0      
    +--+-----------------------------+------+---------+---------+
       Total:                        3014   228       530    
                                                             
    /home/anton/.bin/ti/ccsv7/tools/compiler/ti-cgt-arm_16.9.0.LTS/lib/rtsv7M4_T_le_v4SPD16_eabi.lib
       memory.obj                    976    0         24     
       memcpy_t2.obj                 156    0         0      
       memset_t2.obj                 122    0         0      
       autoinit.obj                  112    0         0      
       exit.obj                      84     0         24     
       copy_decompress_lzss.obj      104    0         0      
       boot.obj                      84     0         0      
       cpy_tbl.obj                   76     0         0      
       _lock.obj                     20     0         16     
       args_main.obj                 24     0         0      
       copy_decompress_none.obj      14     0         0      
       copy_zero_init.obj            12     0         0      
       stkdepth_vars.obj             0      0         8      
       pre_init.obj                  4      0         0      
       mpu_init.obj                  2      0         0      
       startup.obj                   2      0         0      
    +--+-----------------------------+------+---------+---------+
       Total:                        1792   0         72     
                                                             
       Heap:                         0      0         2048   
       Stack:                        0      0         1024   
       Linker Generated:             0      65        0      
    +--+-----------------------------+------+---------+---------+
       Grand Total:                  4806   293       3674   


LINKER GENERATED COPY TABLES

__TI_cinit_table @ 000013e8 records: 2, size/record: 8, table size: 16
	.data: load addr=000013b0, load size=0000001d bytes, run addr=20000504, run size=00000029 bytes, compression=lzss
	.bss: load addr=000013e0, load size=00000008 bytes, run addr=20000400, run size=00000104 bytes, compression=zero_init


LINKER GENERATED HANDLER TABLE

__TI_handler_table @ 000013d0 records: 3, size/record: 4, table size: 12
	index: 0, handler: __TI_decompress_lzss
	index: 1, handler: __TI_decompress_none
	index: 2, handler: __TI_zero_init


GLOBAL SYMBOLS: SORTED ALPHABETICALLY BY Name 

address   name                           
-------   ----                           
00001397  ADC14_IRQHandler               
00001397  AES256_IRQHandler              
00001397  BusFault_Handler               
00001251  C$$EXIT                        
00001397  COMP_E0_IRQHandler             
00001397  COMP_E1_IRQHandler             
00001397  CS_IRQHandler                  
00001397  DMA_ERR_IRQHandler             
00001397  DMA_INT0_IRQHandler            
00001397  DMA_INT1_IRQHandler            
00001397  DMA_INT2_IRQHandler            
00001397  DMA_INT3_IRQHandler            
00001397  DebugMon_Handler               
00001397  Default_Handler                
00001397  EUSCIA0_IRQHandler             
00001397  EUSCIA1_IRQHandler             
00001397  EUSCIA2_IRQHandler             
00001397  EUSCIA3_IRQHandler             
00001397  EUSCIB0_IRQHandler             
00001397  EUSCIB1_IRQHandler             
00001397  EUSCIB2_IRQHandler             
00001397  EUSCIB3_IRQHandler             
00001397  FLCTL_IRQHandler               
00001397  FPU_IRQHandler                 
00001397  HardFault_Handler              
00001397  MemManage_Handler              
00001397  NMI_Handler                    
00001397  PCM_IRQHandler                 
00001397  PORT1_IRQHandler               
00001397  PORT2_IRQHandler               
00001397  PORT3_IRQHandler               
00001397  PORT4_IRQHandler               
00001397  PORT5_IRQHandler               
00001397  PORT6_IRQHandler               
00001397  PSS_IRQHandler                 
00001397  PendSV_Handler                 
00001397  RTC_C_IRQHandler               
0000138b  Reset_Handler                  
UNDEFED   SHT$$INIT_ARRAY$$Base          
UNDEFED   SHT$$INIT_ARRAY$$Limit         
00001397  SVC_Handler                    
00001397  SysTick_Handler                
20000528  SystemCoreClock                
00000989  SystemCoreClockUpdate          
00000bfd  SystemInit                     
00001397  T32_INT1_IRQHandler            
00001397  T32_INT2_IRQHandler            
00001397  T32_INTC_IRQHandler            
00001397  TA0_0_IRQHandler               
00000fe3  TA0_N_IRQHandler               
00000fe3  TA0_N_IRQHandler               
00001397  TA1_0_IRQHandler               
00001397  TA1_N_IRQHandler               
00001397  TA2_0_IRQHandler               
00001397  TA2_N_IRQHandler               
00001397  TA3_0_IRQHandler               
00001397  TA3_N_IRQHandler               
00001397  UsageFault_Handler             
4000480c  WDTCTL_SYM                     
00001397  WDT_A_IRQHandler               
20010000  __STACK_END                    
00000200  __STACK_SIZE                   
00000400  __SYSMEM_SIZE                  
000013e8  __TI_CINIT_Base                
000013f8  __TI_CINIT_Limit               
000013d0  __TI_Handler_Table_Base        
000013dc  __TI_Handler_Table_Limit       
00001125  __TI_auto_init                 
20000504  __TI_cleanup_ptr               
00001195  __TI_decompress_lzss           
0000137d  __TI_decompress_none           
20000508  __TI_dtors_ptr                 
2000050c  __TI_enable_exit_profile_output
ffffffff  __TI_pprof_out_hndl            
ffffffff  __TI_prof_data_size            
ffffffff  __TI_prof_data_start           
00000000  __TI_static_base__             
00001399  __TI_zero_init                 
000010a9  __aeabi_memclr                 
000010a9  __aeabi_memclr4                
000010a9  __aeabi_memclr8                
0000100d  __aeabi_memcpy                 
0000100d  __aeabi_memcpy4                
0000100d  __aeabi_memcpy8                
000010ab  __aeabi_memset                 
000010ab  __aeabi_memset4                
000010ab  __aeabi_memset8                
ffffffff  __binit__                      
ffffffff  __c_args__                     
00001123  __mpu_init                     
2000fe00  __stack                        
00001351  _args_main                     
000011fd  _c_int00                       
2000051c  _lock                          
00001377  _nop                           
0000136f  _register_lock                 
00001369  _register_unlock               
20000000  _sys_memory                    
000013a9  _system_post_cinit             
000013a5  _system_pre_init               
20000520  _unlock                        
00001255  abort                          
ffffffff  binit                          
20000400  buff                           
2000052c  buffpos                        
00000959  calloc                         
20000500  conn                           
000012a5  copy_in                        
0000125d  exit                           
000006a3  free                           
00000cb5  gpio_init                      
00000daf  gpio_input                     
00000e25  gpio_off                       
00000e09  gpio_on                        
00000dcb  gpio_output                    
00000de7  gpio_read                      
00000e41  gpio_toggle                    
00000000  interruptVectors               
00000ec1  main                           
20000524  main_func_sp                   
00000639  malloc                         
0000086d  memalign                       
0000100d  memcpy                         
000010b1  memset                         
000005b9  minit                          
00000fb5  onGetByte                      
00000765  realloc                        
00000287  spi_hold                       
000000f1  spi_init                       
000002f9  spi_master_tick                
000000e5  spi_noop                       
000002b3  spi_onInterrupt                
00000259  spi_put                        
0000132b  spi_readbit                    
00000243  spi_recvByte                   
000012f1  spi_setbit                     
000002dd  spi_setspeed                   
00000449  spi_slave_tick                 
0000029d  spi_start                      


GLOBAL SYMBOLS: SORTED BY Symbol Address 

address   name                           
-------   ----                           
00000000  __TI_static_base__             
00000000  interruptVectors               
000000e5  spi_noop                       
000000f1  spi_init                       
00000200  __STACK_SIZE                   
00000243  spi_recvByte                   
00000259  spi_put                        
00000287  spi_hold                       
0000029d  spi_start                      
000002b3  spi_onInterrupt                
000002dd  spi_setspeed                   
000002f9  spi_master_tick                
00000400  __SYSMEM_SIZE                  
00000449  spi_slave_tick                 
000005b9  minit                          
00000639  malloc                         
000006a3  free                           
00000765  realloc                        
0000086d  memalign                       
00000959  calloc                         
00000989  SystemCoreClockUpdate          
00000bfd  SystemInit                     
00000cb5  gpio_init                      
00000daf  gpio_input                     
00000dcb  gpio_output                    
00000de7  gpio_read                      
00000e09  gpio_on                        
00000e25  gpio_off                       
00000e41  gpio_toggle                    
00000ec1  main                           
00000fb5  onGetByte                      
00000fe3  TA0_N_IRQHandler               
00000fe3  TA0_N_IRQHandler               
0000100d  __aeabi_memcpy                 
0000100d  __aeabi_memcpy4                
0000100d  __aeabi_memcpy8                
0000100d  memcpy                         
000010a9  __aeabi_memclr                 
000010a9  __aeabi_memclr4                
000010a9  __aeabi_memclr8                
000010ab  __aeabi_memset                 
000010ab  __aeabi_memset4                
000010ab  __aeabi_memset8                
000010b1  memset                         
00001123  __mpu_init                     
00001125  __TI_auto_init                 
00001195  __TI_decompress_lzss           
000011fd  _c_int00                       
00001251  C$$EXIT                        
00001255  abort                          
0000125d  exit                           
000012a5  copy_in                        
000012f1  spi_setbit                     
0000132b  spi_readbit                    
00001351  _args_main                     
00001369  _register_unlock               
0000136f  _register_lock                 
00001377  _nop                           
0000137d  __TI_decompress_none           
0000138b  Reset_Handler                  
00001397  ADC14_IRQHandler               
00001397  AES256_IRQHandler              
00001397  BusFault_Handler               
00001397  COMP_E0_IRQHandler             
00001397  COMP_E1_IRQHandler             
00001397  CS_IRQHandler                  
00001397  DMA_ERR_IRQHandler             
00001397  DMA_INT0_IRQHandler            
00001397  DMA_INT1_IRQHandler            
00001397  DMA_INT2_IRQHandler            
00001397  DMA_INT3_IRQHandler            
00001397  DebugMon_Handler               
00001397  Default_Handler                
00001397  EUSCIA0_IRQHandler             
00001397  EUSCIA1_IRQHandler             
00001397  EUSCIA2_IRQHandler             
00001397  EUSCIA3_IRQHandler             
00001397  EUSCIB0_IRQHandler             
00001397  EUSCIB1_IRQHandler             
00001397  EUSCIB2_IRQHandler             
00001397  EUSCIB3_IRQHandler             
00001397  FLCTL_IRQHandler               
00001397  FPU_IRQHandler                 
00001397  HardFault_Handler              
00001397  MemManage_Handler              
00001397  NMI_Handler                    
00001397  PCM_IRQHandler                 
00001397  PORT1_IRQHandler               
00001397  PORT2_IRQHandler               
00001397  PORT3_IRQHandler               
00001397  PORT4_IRQHandler               
00001397  PORT5_IRQHandler               
00001397  PORT6_IRQHandler               
00001397  PSS_IRQHandler                 
00001397  PendSV_Handler                 
00001397  RTC_C_IRQHandler               
00001397  SVC_Handler                    
00001397  SysTick_Handler                
00001397  T32_INT1_IRQHandler            
00001397  T32_INT2_IRQHandler            
00001397  T32_INTC_IRQHandler            
00001397  TA0_0_IRQHandler               
00001397  TA1_0_IRQHandler               
00001397  TA1_N_IRQHandler               
00001397  TA2_0_IRQHandler               
00001397  TA2_N_IRQHandler               
00001397  TA3_0_IRQHandler               
00001397  TA3_N_IRQHandler               
00001397  UsageFault_Handler             
00001397  WDT_A_IRQHandler               
00001399  __TI_zero_init                 
000013a5  _system_pre_init               
000013a9  _system_post_cinit             
000013d0  __TI_Handler_Table_Base        
000013dc  __TI_Handler_Table_Limit       
000013e8  __TI_CINIT_Base                
000013f8  __TI_CINIT_Limit               
20000000  _sys_memory                    
20000400  buff                           
20000500  conn                           
20000504  __TI_cleanup_ptr               
20000508  __TI_dtors_ptr                 
2000050c  __TI_enable_exit_profile_output
2000051c  _lock                          
20000520  _unlock                        
20000524  main_func_sp                   
20000528  SystemCoreClock                
2000052c  buffpos                        
2000fe00  __stack                        
20010000  __STACK_END                    
4000480c  WDTCTL_SYM                     
ffffffff  __TI_pprof_out_hndl            
ffffffff  __TI_prof_data_size            
ffffffff  __TI_prof_data_start           
ffffffff  __binit__                      
ffffffff  __c_args__                     
ffffffff  binit                          
UNDEFED   SHT$$INIT_ARRAY$$Base          
UNDEFED   SHT$$INIT_ARRAY$$Limit         

[139 symbols]
