******************************************************************************
                  TI ARM Linker Unix v16.9.0                   
******************************************************************************
>> Linked Fri Apr 14 15:02:47 2017

OUTPUT FILE NAME:   <HW4.out>
ENTRY POINT SYMBOL: "_c_int00"  address: 00001201


MEMORY CONFIGURATION

         name            origin    length      used     unused   attr    fill
----------------------  --------  ---------  --------  --------  ----  --------
  MAIN                  00000000   00040000  000013f6  0003ec0a  R  X
  INFO                  00200000   00004000  00000000  00004000  R  X
  SRAM_CODE             01000000   00010000  0000072d  0000f8d3  RW X
  SRAM_DATA             20000000   00010000  0000072d  0000f8d3  RW  


SEGMENT ALLOCATION MAP

run origin  load origin   length   init length attrs members
----------  ----------- ---------- ----------- ----- -------
00000000    00000000    000013f8   000013f8    r-x
  00000000    00000000    000000e4   000000e4    r-- .intvecs
  000000e4    000000e4    000012ca   000012ca    r-x .text
  000013b0    000013b0    00000048   00000048    r-- .cinit
20000000    20000000    0000052d   00000000    rw-
  20000000    20000000    00000400   00000000    rw- .sysmem
  20000400    20000400    00000104   00000000    rw- .bss
  20000504    20000504    00000029   00000000    rw- .data
2000fe00    2000fe00    00000200   00000000    rw-
  2000fe00    2000fe00    00000200   00000000    rw- .stack


SECTION ALLOCATION MAP

 output                                  attributes/
section   page    origin      length       input sections
--------  ----  ----------  ----------   ----------------
.intvecs   0    00000000    000000e4     
                  00000000    000000e4     startup_msp432p401r_ccs.obj (.intvecs:retain)

.text      0    000000e4    000012ca     
                  000000e4    000004b4     spi.obj (.text)
                  00000598    000003d0     rtsv7M4_T_le_v4SPD16_eabi.lib : memory.obj (.text)
                  00000968    0000032c     system_msp432p401r.obj (.text)
                  00000c94    00000208     gpio.obj (.text)
                  00000e9c    00000174     main.obj (.text)
                  00001010    0000009c     rtsv7M4_T_le_v4SPD16_eabi.lib : memcpy_t2.obj (.text)
                  000010ac    0000007a                                   : memset_t2.obj (.text)
                  00001126    00000002                                   : mpu_init.obj (.text)
                  00001128    00000070                                   : autoinit.obj (.text)
                  00001198    00000068                                   : copy_decompress_lzss.obj (.text:decompress:lzss)
                  00001200    00000054                                   : boot.obj (.text)
                  00001254    00000054                                   : exit.obj (.text)
                  000012a8    0000004c                                   : cpy_tbl.obj (.text)
                  000012f4    0000003a     spi.obj (.text:spi_setbit)
                  0000132e    00000026     spi.obj (.text:spi_readbit)
                  00001354    00000018     rtsv7M4_T_le_v4SPD16_eabi.lib : args_main.obj (.text)
                  0000136c    00000014                                   : _lock.obj (.text)
                  00001380    0000000e                                   : copy_decompress_none.obj (.text:decompress:none)
                  0000138e    0000000e     startup_msp432p401r_ccs.obj (.text)
                  0000139c    0000000c     rtsv7M4_T_le_v4SPD16_eabi.lib : copy_zero_init.obj (.text:decompress:ZI)
                  000013a8    00000004                                   : pre_init.obj (.text)
                  000013ac    00000002                                   : startup.obj (.text)

.cinit     0    000013b0    00000048     
                  000013b0    0000001d     (.cinit..data.load) [load image, compression = lzss]
                  000013cd    00000003     --HOLE-- [fill = 0]
                  000013d0    0000000c     (__TI_handler_table)
                  000013dc    00000004     --HOLE-- [fill = 0]
                  000013e0    00000008     (.cinit..bss.load) [load image, compression = zero_init]
                  000013e8    00000010     (__TI_cinit_table)

.init_array 
*          0    00000000    00000000     UNINITIALIZED

.binit     0    00000000    00000000     

.sysmem    0    20000000    00000400     UNINITIALIZED
                  20000000    00000008     rtsv7M4_T_le_v4SPD16_eabi.lib : memory.obj (.sysmem)
                  20000008    000003f8     --HOLE--

.bss       0    20000400    00000104     UNINITIALIZED
                  20000400    00000100     (.common:buff)
                  20000500    00000004     (.common:conn)

.data      0    20000504    00000029     UNINITIALIZED
                  20000504    0000000c     rtsv7M4_T_le_v4SPD16_eabi.lib : exit.obj (.data:$O1$$)
                  20000510    0000000c                                   : memory.obj (.data:$O1$$)
                  2000051c    00000008                                   : _lock.obj (.data:$O1$$)
                  20000524    00000004                                   : stkdepth_vars.obj (.data)
                  20000528    00000004     system_msp432p401r.obj (.data)
                  2000052c    00000001     main.obj (.data)

.stack     0    2000fe00    00000200     UNINITIALIZED
                  2000fe00    00000200     --HOLE--

MODULE SUMMARY

       Module                        code   ro data   rw data
       ------                        ----   -------   -------
    ./
       spi.obj                       1300   0         0      
       main.obj                      372    0         522    
       system_msp432p401r.obj        812    0         8      
       gpio.obj                      520    0         0      
       startup_msp432p401r_ccs.obj   14     228       0      
    +--+-----------------------------+------+---------+---------+
       Total:                        3018   228       530    
                                                             
    /home/anton/.bin/ti/ccsv7/tools/compiler/ti-cgt-arm_16.9.0.LTS/lib/rtsv7M4_T_le_v4SPD16_eabi.lib
       memory.obj                    976    0         24     
       memcpy_t2.obj                 156    0         0      
       memset_t2.obj                 122    0         0      
       autoinit.obj                  112    0         0      
       exit.obj                      84     0         24     
       copy_decompress_lzss.obj      104    0         0      
       boot.obj                      84     0         0      
       cpy_tbl.obj                   76     0         0      
       _lock.obj                     20     0         16     
       args_main.obj                 24     0         0      
       copy_decompress_none.obj      14     0         0      
       copy_zero_init.obj            12     0         0      
       stkdepth_vars.obj             0      0         8      
       pre_init.obj                  4      0         0      
       mpu_init.obj                  2      0         0      
       startup.obj                   2      0         0      
    +--+-----------------------------+------+---------+---------+
       Total:                        1792   0         72     
                                                             
       Heap:                         0      0         2048   
       Stack:                        0      0         1024   
       Linker Generated:             0      65        0      
    +--+-----------------------------+------+---------+---------+
       Grand Total:                  4810   293       3674   


LINKER GENERATED COPY TABLES

__TI_cinit_table @ 000013e8 records: 2, size/record: 8, table size: 16
	.data: load addr=000013b0, load size=0000001d bytes, run addr=20000504, run size=00000029 bytes, compression=lzss
	.bss: load addr=000013e0, load size=00000008 bytes, run addr=20000400, run size=00000104 bytes, compression=zero_init


LINKER GENERATED HANDLER TABLE

__TI_handler_table @ 000013d0 records: 3, size/record: 4, table size: 12
	index: 0, handler: __TI_decompress_lzss
	index: 1, handler: __TI_decompress_none
	index: 2, handler: __TI_zero_init


GLOBAL SYMBOLS: SORTED ALPHABETICALLY BY Name 

address   name                           
-------   ----                           
0000139b  ADC14_IRQHandler               
0000139b  AES256_IRQHandler              
0000139b  BusFault_Handler               
00001255  C$$EXIT                        
0000139b  COMP_E0_IRQHandler             
0000139b  COMP_E1_IRQHandler             
0000139b  CS_IRQHandler                  
0000139b  DMA_ERR_IRQHandler             
0000139b  DMA_INT0_IRQHandler            
0000139b  DMA_INT1_IRQHandler            
0000139b  DMA_INT2_IRQHandler            
0000139b  DMA_INT3_IRQHandler            
0000139b  DebugMon_Handler               
0000139b  Default_Handler                
0000139b  EUSCIA0_IRQHandler             
0000139b  EUSCIA1_IRQHandler             
0000139b  EUSCIA2_IRQHandler             
0000139b  EUSCIA3_IRQHandler             
0000139b  EUSCIB0_IRQHandler             
0000139b  EUSCIB1_IRQHandler             
0000139b  EUSCIB2_IRQHandler             
0000139b  EUSCIB3_IRQHandler             
0000139b  FLCTL_IRQHandler               
0000139b  FPU_IRQHandler                 
0000139b  HardFault_Handler              
0000139b  MemManage_Handler              
0000139b  NMI_Handler                    
0000139b  PCM_IRQHandler                 
0000139b  PORT1_IRQHandler               
0000139b  PORT2_IRQHandler               
0000139b  PORT3_IRQHandler               
0000139b  PORT4_IRQHandler               
0000139b  PORT5_IRQHandler               
0000139b  PORT6_IRQHandler               
0000139b  PSS_IRQHandler                 
0000139b  PendSV_Handler                 
0000139b  RTC_C_IRQHandler               
0000138f  Reset_Handler                  
UNDEFED   SHT$$INIT_ARRAY$$Base          
UNDEFED   SHT$$INIT_ARRAY$$Limit         
0000139b  SVC_Handler                    
0000139b  SysTick_Handler                
20000528  SystemCoreClock                
00000969  SystemCoreClockUpdate          
00000bdd  SystemInit                     
0000139b  T32_INT1_IRQHandler            
0000139b  T32_INT2_IRQHandler            
0000139b  T32_INTC_IRQHandler            
0000139b  TA0_0_IRQHandler               
00000fe9  TA0_N_IRQHandler               
00000fe9  TA0_N_IRQHandler               
0000139b  TA1_0_IRQHandler               
0000139b  TA1_N_IRQHandler               
0000139b  TA2_0_IRQHandler               
0000139b  TA2_N_IRQHandler               
0000139b  TA3_0_IRQHandler               
0000139b  TA3_N_IRQHandler               
0000139b  UsageFault_Handler             
4000480c  WDTCTL_SYM                     
0000139b  WDT_A_IRQHandler               
20010000  __STACK_END                    
00000200  __STACK_SIZE                   
00000400  __SYSMEM_SIZE                  
000013e8  __TI_CINIT_Base                
000013f8  __TI_CINIT_Limit               
000013d0  __TI_Handler_Table_Base        
000013dc  __TI_Handler_Table_Limit       
00001129  __TI_auto_init                 
20000504  __TI_cleanup_ptr               
00001199  __TI_decompress_lzss           
00001381  __TI_decompress_none           
20000508  __TI_dtors_ptr                 
2000050c  __TI_enable_exit_profile_output
ffffffff  __TI_pprof_out_hndl            
ffffffff  __TI_prof_data_size            
ffffffff  __TI_prof_data_start           
00000000  __TI_static_base__             
0000139d  __TI_zero_init                 
000010ad  __aeabi_memclr                 
000010ad  __aeabi_memclr4                
000010ad  __aeabi_memclr8                
00001011  __aeabi_memcpy                 
00001011  __aeabi_memcpy4                
00001011  __aeabi_memcpy8                
000010af  __aeabi_memset                 
000010af  __aeabi_memset4                
000010af  __aeabi_memset8                
ffffffff  __binit__                      
ffffffff  __c_args__                     
00001127  __mpu_init                     
2000fe00  __stack                        
00001355  _args_main                     
00001201  _c_int00                       
2000051c  _lock                          
0000137b  _nop                           
00001373  _register_lock                 
0000136d  _register_unlock               
20000000  _sys_memory                    
000013ad  _system_post_cinit             
000013a9  _system_pre_init               
20000520  _unlock                        
00001259  abort                          
ffffffff  binit                          
20000400  buff                           
2000052c  buffpos                        
00000939  calloc                         
20000500  conn                           
000012a9  copy_in                        
00001261  exit                           
00000683  free                           
00000c95  gpio_init                      
00000d8f  gpio_input                     
00000e05  gpio_off                       
00000de9  gpio_on                        
00000dab  gpio_output                    
00000dc7  gpio_read                      
00000e21  gpio_toggle                    
00000000  interruptVectors               
00000ea1  main                           
20000524  main_func_sp                   
00000619  malloc                         
0000084d  memalign                       
00001011  memcpy                         
000010b5  memset                         
00000599  minit                          
00000fbb  onGetByte                      
00000745  realloc                        
0000026f  spi_hold                       
000000f1  spi_init                       
000002e1  spi_master_tick                
000000e5  spi_noop                       
0000029b  spi_onInterrupt                
00000241  spi_put                        
0000132f  spi_readbit                    
0000022b  spi_recvByte                   
000012f5  spi_setbit                     
000002c5  spi_setspeed                   
00000431  spi_slave_tick                 
00000285  spi_start                      


GLOBAL SYMBOLS: SORTED BY Symbol Address 

address   name                           
-------   ----                           
00000000  __TI_static_base__             
00000000  interruptVectors               
000000e5  spi_noop                       
000000f1  spi_init                       
00000200  __STACK_SIZE                   
0000022b  spi_recvByte                   
00000241  spi_put                        
0000026f  spi_hold                       
00000285  spi_start                      
0000029b  spi_onInterrupt                
000002c5  spi_setspeed                   
000002e1  spi_master_tick                
00000400  __SYSMEM_SIZE                  
00000431  spi_slave_tick                 
00000599  minit                          
00000619  malloc                         
00000683  free                           
00000745  realloc                        
0000084d  memalign                       
00000939  calloc                         
00000969  SystemCoreClockUpdate          
00000bdd  SystemInit                     
00000c95  gpio_init                      
00000d8f  gpio_input                     
00000dab  gpio_output                    
00000dc7  gpio_read                      
00000de9  gpio_on                        
00000e05  gpio_off                       
00000e21  gpio_toggle                    
00000ea1  main                           
00000fbb  onGetByte                      
00000fe9  TA0_N_IRQHandler               
00000fe9  TA0_N_IRQHandler               
00001011  __aeabi_memcpy                 
00001011  __aeabi_memcpy4                
00001011  __aeabi_memcpy8                
00001011  memcpy                         
000010ad  __aeabi_memclr                 
000010ad  __aeabi_memclr4                
000010ad  __aeabi_memclr8                
000010af  __aeabi_memset                 
000010af  __aeabi_memset4                
000010af  __aeabi_memset8                
000010b5  memset                         
00001127  __mpu_init                     
00001129  __TI_auto_init                 
00001199  __TI_decompress_lzss           
00001201  _c_int00                       
00001255  C$$EXIT                        
00001259  abort                          
00001261  exit                           
000012a9  copy_in                        
000012f5  spi_setbit                     
0000132f  spi_readbit                    
00001355  _args_main                     
0000136d  _register_unlock               
00001373  _register_lock                 
0000137b  _nop                           
00001381  __TI_decompress_none           
0000138f  Reset_Handler                  
0000139b  ADC14_IRQHandler               
0000139b  AES256_IRQHandler              
0000139b  BusFault_Handler               
0000139b  COMP_E0_IRQHandler             
0000139b  COMP_E1_IRQHandler             
0000139b  CS_IRQHandler                  
0000139b  DMA_ERR_IRQHandler             
0000139b  DMA_INT0_IRQHandler            
0000139b  DMA_INT1_IRQHandler            
0000139b  DMA_INT2_IRQHandler            
0000139b  DMA_INT3_IRQHandler            
0000139b  DebugMon_Handler               
0000139b  Default_Handler                
0000139b  EUSCIA0_IRQHandler             
0000139b  EUSCIA1_IRQHandler             
0000139b  EUSCIA2_IRQHandler             
0000139b  EUSCIA3_IRQHandler             
0000139b  EUSCIB0_IRQHandler             
0000139b  EUSCIB1_IRQHandler             
0000139b  EUSCIB2_IRQHandler             
0000139b  EUSCIB3_IRQHandler             
0000139b  FLCTL_IRQHandler               
0000139b  FPU_IRQHandler                 
0000139b  HardFault_Handler              
0000139b  MemManage_Handler              
0000139b  NMI_Handler                    
0000139b  PCM_IRQHandler                 
0000139b  PORT1_IRQHandler               
0000139b  PORT2_IRQHandler               
0000139b  PORT3_IRQHandler               
0000139b  PORT4_IRQHandler               
0000139b  PORT5_IRQHandler               
0000139b  PORT6_IRQHandler               
0000139b  PSS_IRQHandler                 
0000139b  PendSV_Handler                 
0000139b  RTC_C_IRQHandler               
0000139b  SVC_Handler                    
0000139b  SysTick_Handler                
0000139b  T32_INT1_IRQHandler            
0000139b  T32_INT2_IRQHandler            
0000139b  T32_INTC_IRQHandler            
0000139b  TA0_0_IRQHandler               
0000139b  TA1_0_IRQHandler               
0000139b  TA1_N_IRQHandler               
0000139b  TA2_0_IRQHandler               
0000139b  TA2_N_IRQHandler               
0000139b  TA3_0_IRQHandler               
0000139b  TA3_N_IRQHandler               
0000139b  UsageFault_Handler             
0000139b  WDT_A_IRQHandler               
0000139d  __TI_zero_init                 
000013a9  _system_pre_init               
000013ad  _system_post_cinit             
000013d0  __TI_Handler_Table_Base        
000013dc  __TI_Handler_Table_Limit       
000013e8  __TI_CINIT_Base                
000013f8  __TI_CINIT_Limit               
20000000  _sys_memory                    
20000400  buff                           
20000500  conn                           
20000504  __TI_cleanup_ptr               
20000508  __TI_dtors_ptr                 
2000050c  __TI_enable_exit_profile_output
2000051c  _lock                          
20000520  _unlock                        
20000524  main_func_sp                   
20000528  SystemCoreClock                
2000052c  buffpos                        
2000fe00  __stack                        
20010000  __STACK_END                    
4000480c  WDTCTL_SYM                     
ffffffff  __TI_pprof_out_hndl            
ffffffff  __TI_prof_data_size            
ffffffff  __TI_prof_data_start           
ffffffff  __binit__                      
ffffffff  __c_args__                     
ffffffff  binit                          
UNDEFED   SHT$$INIT_ARRAY$$Base          
UNDEFED   SHT$$INIT_ARRAY$$Limit         

[139 symbols]
